🚀 Starting content generation...
✅ Started: {
  "message": "Content generation started",
  "session_id": "session_930aaca8159e",
  "status": "started"
}

📊 Monitoring progress for session: session_930aaca8159e
------------------------------------------------------------
❌ ERROR: 404 NOT_FOUND. {'error': {'code': 404, 'message': 'models/gemini-1.5-pro is not found for API version v1beta, or is not supported for generateContent. Call ListModels to see the list of available models and their supported methods.', 'status': 'NOT_FOUND'}}

📦 Fetching final result...
{
  "message": "Session not found",
  "status": "error"
}

✨ Done! Check documents/content_generation/session_930aaca8159e/
